#-----------------------------------------------------------
# Vivado v2024.2 (64-bit)
# SW Build 5239630 on Fri Nov 08 22:34:34 MST 2024
# IP Build 5239520 on Sun Nov 10 16:12:51 MST 2024
# SharedData Build 5239561 on Fri Nov 08 14:39:27 MST 2024
# Start of session at: Wed Jun  4 13:32:32 2025
# Process ID         : 245722
# Current directory  : /home/umer-javed/Music/dot_product/dot_product_sim/dot_product_sim.runs/floating_point_3_synth_1
# Command line       : vivado -log floating_point_3.vds -product Vivado -mode batch -messageDb vivado.pb -notrace -source floating_point_3.tcl
# Log file           : /home/umer-javed/Music/dot_product/dot_product_sim/dot_product_sim.runs/floating_point_3_synth_1/floating_point_3.vds
# Journal file       : /home/umer-javed/Music/dot_product/dot_product_sim/dot_product_sim.runs/floating_point_3_synth_1/vivado.jou
# Running On         : umer-javed-HP-ProBook-650-G8-Notebook-PC
# Platform           : Ubuntu
# Operating System   : Ubuntu 24.04.2 LTS
# Processor Detail   : 11th Gen Intel(R) Core(TM) i7-1185G7 @ 3.00GHz
# CPU Frequency      : 3908.026 MHz
# CPU Physical cores : 4
# CPU Logical cores  : 8
# Host memory        : 67095 MB
# Swap memory        : 8589 MB
# Total Virtual      : 75685 MB
# Available Virtual  : 70448 MB
#-----------------------------------------------------------
source floating_point_3.tcl -notrace
